TABLES=(
TOGTTB17_KX
,WOGTTB37_KX
,TOGTTB37_KY
,TOGTTB17_KY
,WOGTTB37_KY
,TOGTTB37_KZ
,TOGTTB17_KZ
,WOGTTB37_KZ
,TOGTTB37_NX
,WOGTTB37_NX
,TOGTTB37_KV
,TOC40022
,TOC40023
,TOC40024
,TOC0DA28
,TOC0SE14
,TOC0SE15
,TOC0SE17
,TOC0SE21
,TOC0SE32
,TOC0SE33
,TOC0SE34
,TOC0SE35
,TOC0SE40
,TOC0SE42
,TOC0DA22
,TOC0DA24
,TOC0DA26
,TOC0DA27
,TOC0DA30
,TOC0DA31
,TOC0DA32
,TOC0SE50
,TOC0DA34
,TOC0EE11
,TOC0SE51
,TOC0SE52
,TOC0SE53
,TOC0DA10
,TOC0DA20
,TOSIYZ70
,TOSIYZ72
,TOGTTB17_NX
,TOSIYZ30
,TOSIYZ33
,TOSIYZ35
,TOSIYZ36
,TOSIYZ38
,TOSIYZ39
,TOSIYZ40
,TOSIYZ42
,TOSIYZ44
,TOSIYZ46
,TOSIYZ48
,TOSIYZ60
,TOSIYZ62
,TOSIYZ63
,TOSIYZ65
,TOSIDK95
,TOSIDK93
,TOSIDK92
,TOSIDK90
,TOSIDK51
,TOSIDK48
,TOSIDK44
,TOSIDK42
,TOSIDK40
,TOSIDK39
,TOSIDK38
,TOSIDK36
,TOSIDK35
,TOSIDK33
,TOSIDK30
,TOSIDK98
,TOSIDK97
,TOSINV10
,TOC0CR50
,TOC0CR51
,TOC0CR52
,TOC0CR53
,TOC0CR54
,TOC0CR60
,TOC0CR61
,TOC0CR70
,TOC0CR80
,TOC40050
,TOSINV20
,TOSINV30
,TOSINV40
,TOSIYZ71
,TOSNSO01
,TOSIYU30
,TOSIYU33
,TOSIYU35
,TOSIYU36
,TOSIYU38
,TOSIYU39
,TOSIYU40
,TOSIYU42
,TOSIYU44
,TOSIYU46
,TOSIYU48
,TOSIYU60
,TOSIYU62
,TOSIYU63
,TOSIYU65
,TOC4KB1O
,TOC4KB1S
,TOC4011S
,TOC0SE20
,TOC0DA21
,TOC0DA23
,TOC0DA25
,WOG9TK10
,WOG9TK20
,WOGTKJ10
,WOG9KJ10
,WOG9KJ30
,WOG9KJ40
,TOC0SE23
,TOC4FS1N_BIS_WORK_T4
,TOC4FM1N_WORK_T4
,TOC4FM1N_BIS_WORK_T4
,TOC4FF1N_BIS_WORK_T4
,TOC4FB1N_WORK_T4
,TOC4FB1N_BIS_WORK_T4
,ITK_TO_SCHEMA
,TOC4FB1O
,TOC4FB1S
,TOC4MM1N_BIS_WORK_T4
,TOC4KS1N_BIS_WORK_T4
,TOC4KB1N_WORK_T4
,TOC4KB1N_BIS_WORK_T4
,TOC4FT1N_BIS_WORK_T4
,TOC4FS1N_WORK_T4
,TOSIDK46
,TOC0SE10
,TOC4021N
,TOC4011O
,WOG9TK2A
,TOGTTB17_KW
,WOGTTB37_KW
,TOGTTB37_KX
,WOG9TK1A
,WOGTTB37_KV
,TOGTTB37_KW
,TOC4KB10
,TOC4KD10
,TOC4KS10
,TOC4KS30
,TOC4KW10
,TOC4ZZ10
,TOC40030
,TOC40032
,TOC40090
,TOGTTB37_IX
,TOGTTB17_IX
,WOGTTB37_IX
,TOGTTB17_KV
,TOC4KB20
,TOC4KD20
,TOC4KS20
,TOC40020
,TOC40021
,TOSIDB10
,TOC0CR90
)
